🚀 Starting Wiggum Worker for: pitcherai
📍 Project Path: /home/julien/Desktop/Free-Wiggum-opencode/projects/pitcherai
⏰ Started at: Fri Mar 27 11:27:27 AM EDT 2026
⚡ Token Budget: 64000
━━━━━━━━━━━━━━━━━━━━━━━━━━━━━━━━════

📍 Iteration 32 at Fri Mar 27 11:27:27 AM EDT 2026...
🤖 OpenCode processing: Deploy and validate
[0m
> build · stepfun/step-3.5-flash:free
[0m
I'll help you complete the "Deploy and validate" task. Let me first examine the current project state and understand what needs to be deployed.
[0m✱ [0mGlob "**/*.{py,json,yaml,yml,txt}"[90m 33 matches[0m
[0m→ [0mRead README.md
[0m→ [0mRead TASKS.md
[0m→ [0mRead .github/workflows/deploy-staging.yml
Let me examine the existing deployment configuration and check if everything is ready for deployment:
[0m→ [0mRead .github/workflows/deploy-production.yml
[0m→ [0mRead docker-compose.yml
[0m→ [0mRead DEPLOYMENT.md
Let me check for additional deployment files and validate the current setup:
[0m→ [0mRead .env.production
[0m→ [0mRead Dockerfile
[0m→ [0mRead pyproject.toml
[0m✱ [0mGlob "deploy/**"[90m 4 matches[0m
Let me validate the deployment by checking that the application can be built and tests pass:
[0m
[0m$ [0mpip install uv build pytest pytest-cov pytest-asyncio
Requirement already satisfied: uv in /home/julien/Desktop/Free-Wiggum-opencode/venv/lib/python3.14/site-packages (0.10.11)
Requirement already satisfied: build in /home/julien/Desktop/Free-Wiggum-opencode/venv/lib/python3.14/site-packages (1.4.0)
Requirement already satisfied: pytest in /home/julien/Desktop/Free-Wiggum-opencode/venv/lib/python3.14/site-packages (9.0.2)
Requirement already satisfied: pytest-cov in /home/julien/Desktop/Free-Wiggum-opencode/venv/lib/python3.14/site-packages (7.0.0)
Requirement already satisfied: pytest-asyncio in /home/julien/Desktop/Free-Wiggum-opencode/venv/lib/python3.14/site-packages (1.3.0)
Requirement already satisfied: packaging>=24.0 in /home/julien/Desktop/Free-Wiggum-opencode/venv/lib/python3.14/site-packages (from build) (26.0)
Requirement already satisfied: pyproject_hooks in /home/julien/Desktop/Free-Wiggum-opencode/venv/lib/python3.14/site-packages (from build) (1.2.0)
Requirement already satisfied: iniconfig>=1.0.1 in /home/julien/Desktop/Free-Wiggum-opencode/venv/lib/python3.14/site-packages (from pytest) (2.3.0)
Requirement already satisfied: pluggy<2,>=1.5 in /home/julien/Desktop/Free-Wiggum-opencode/venv/lib/python3.14/site-packages (from pytest) (1.6.0)
Requirement already satisfied: pygments>=2.7.2 in /home/julien/Desktop/Free-Wiggum-opencode/venv/lib/python3.14/site-packages (from pytest) (2.19.2)
Requirement already satisfied: coverage>=7.10.6 in /home/julien/Desktop/Free-Wiggum-opencode/venv/lib/python3.14/site-packages (from coverage[toml]>=7.10.6->pytest-cov) (7.13.4)
[0m
[0m$ [0muv pip install -e .
Using Python 3.14.3 environment at: /home/julien/Desktop/Free-Wiggum-opencode/venv
Resolved 111 packages in 1.61s
   Building pitcherai @ file:///home/julien/Desktop/Free-Wiggum-opencode/projects/pitcherai
      Built pitcherai @ file:///home/julien/Desktop/Free-Wiggum-opencode/projects/pitcherai
Prepared 1 package in 574ms
Uninstalled 1 package in 0.80ms
Installed 1 package in 1ms
 ~ pitcherai==0.1.0 (from file:///home/julien/Desktop/Free-Wiggum-opencode/projects/pitcherai)
[0m
[0m$ [0mpytest tests/ -v --cov=src --cov-report=term-missing
ImportError while loading conftest '/home/julien/Desktop/Free-Wiggum-opencode/projects/pitcherai/tests/conftest.py'.
tests/conftest.py:13: in <module>
    from pitcherai.database import Base
src/pitcherai/database.py:5: in <module>
    from pitcherai.config import settings
src/pitcherai/config.py:76: in <module>
    settings = Settings()
               ^^^^^^^^^^
../../venv/lib/python3.14/site-packages/pydantic_settings/main.py:242: in __init__
    super().__init__(**__pydantic_self__.__class__._settings_build_values(sources, init_kwargs))
E   pydantic_core._pydantic_core.ValidationError: 2 validation errors for Settings
E   postgres_password
E     Extra inputs are not permitted [type=extra_forbidden, input_value='your-secure-postgres-password-here', input_type=str]
E       For further information visit https://errors.pydantic.dev/2.12/v/extra_forbidden
E   api_base_url
E     Extra inputs are not permitted [type=extra_forbidden, input_value='http://localhost:8000', input_type=str]
E       For further information visit https://errors.pydantic.dev/2.12/v/extra_forbidden
[0m
[0m→ [0mRead src/pitcherai/config.py
[0m→ [0mRead .env.example
Let me check if there's a .env file and examine the issue:
[0m
[0m$ [0mls -la .env* 2>/dev/null || echo "No .env files found"
-rw-r--r-- 1 julien julien 948 Mar 22 12:59 .env
-rw-r--r-- 1 julien julien 863 Mar 21 12:50 .env.example
-rw-r--r-- 1 julien julien 948 Mar 22 12:56 .env.production
[0m
[0m→ [0mRead .env
The issue is that the `.env` file contains variables (`POSTGRES_PASSWORD`, `API_BASE_URL`) that aren't defined in the Settings class. I'll fix this by allowing extra fields in the Settings configuration, which is useful for production environments:
[0m
[0m← [0mEdit src/pitcherai/config.py
Index: /home/julien/Desktop/Free-Wiggum-opencode/projects/pitcherai/src/pitcherai/config.py
===================================================================
--- /home/julien/Desktop/Free-Wiggum-opencode/projects/pitcherai/src/pitcherai/config.py
+++ /home/julien/Desktop/Free-Wiggum-opencode/projects/pitcherai/src/pitcherai/config.py
@@ -69,8 +69,10 @@
     celery_result_backend: str = Field(
         default="redis://localhost:6379/2", description="Celery result backend"
     )
 
-    model_config = SettingsConfigDict(env_file=".env", env_file_encoding="utf-8")
+    model_config = SettingsConfigDict(
+        env_file=".env", env_file_encoding="utf-8", extra="allow"
+    )
 
 
 settings = Settings()

[0m
[0m$ [0mpytest tests/ -v --cov=src --cov-report=term-missing
============================= test session starts ==============================
platform linux -- Python 3.14.3, pytest-9.0.2, pluggy-1.6.0 -- /home/julien/Desktop/Free-Wiggum-opencode/venv/bin/python
cachedir: .pytest_cache
rootdir: /home/julien/Desktop/Free-Wiggum-opencode/projects/pitcherai
configfile: pyproject.toml
plugins: langsmith-0.7.16, anyio-4.12.1, asyncio-1.3.0, cov-7.0.0, mock-3.15.1, dash-4.0.0
asyncio: mode=Mode.AUTO, debug=False, asyncio_default_fixture_loop_scope=None, asyncio_default_test_loop_scope=function
collecting ... collected 102 items

tests/integration/test_integration.py::TestFullCampaignLifecycle::test_complete_end_to_end_workflow PASSED [  0%]
tests/integration/test_integration.py::TestInvestorImportAndEnrichment::test_prospecting_import_workflow PASSED [  1%]
tests/integration/test_integration.py::TestInvestorImportAndEnrichment::test_enrich_investor_portfolio_workflow PASSED [  2%]
tests/integration/test_integration.py::TestEmailGenerationIntegration::test_email_generation_with_investor_data PASSED [  3%]
tests/integration/test_integration.py::TestServiceInteractions::test_campaign_target_approval_and_email_generation PASSED [  4%]
tests/integration/test_integration.py::TestServiceInteractions::test_analytics_calculation_end_to_end PASSED [  5%]
tests/integration/test_integration.py::TestAPIIntegration::test_full_api_workflow PASSED [  6%]
tests/integration/test_integration.py::TestConcurrencyAndDataConsistency::test_concurrent_campaign_creation PASSED [  7%]
tests/integration/test_integration.py::TestConcurrencyAndDataConsistency::test_data_consistency_across_services PASSED [  8%]
tests/unit/test_campaign.py::TestCampaignService::test_create_campaign_with_targets_no_auto_generate PASSED [  9%]
tests/unit/test_campaign.py::TestCampaignService::test_create_campaign_with_targets_with_auto_generate PASSED [ 10%]
tests/unit/test_campaign.py::TestCampaignService::test_find_matching_investors PASSED [ 11%]
tests/unit/test_campaign.py::TestCampaignService::test_get_pending_targets PASSED [ 12%]
tests/unit/test_campaign.py::TestCampaignService::test_approve_target PASSED [ 13%]
tests/unit/test_campaign.py::TestCampaignService::test_approve_target_with_override PASSED [ 14%]
tests/unit/test_campaign.py::TestCampaignService::test_reject_target PASSED [ 15%]
tests/unit/test_campaign.py::TestCampaignService::test_start_campaign PASSED [ 16%]
tests/unit/test_campaign.py::TestCampaignService::test_mark_target_sent PASSED [ 17%]
tests/unit/test_campaign.py::TestCampaignService::test_generate_emails_for_campaign_integration PASSED [ 18%]
tests/unit/test_config.py::test_default_settings FAILED                  [ 19%]
tests/unit/test_config.py::test_env_override PASSED                      [ 20%]
tests/unit/test_crud.py::TestUserCRUD::test_create_user PASSED           [ 21%]
tests/unit/test_crud.py::TestUserCRUD::test_get_user PASSED              [ 22%]
tests/unit/test_crud.py::TestUserCRUD::test_get_by_email PASSED          [ 23%]
tests/unit/test_crud.py::TestUserCRUD::test_update_user PASSED           [ 24%]
tests/unit/test_crud.py::TestUserCRUD::test_delete_user PASSED           [ 25%]
tests/unit/test_crud.py::TestUserCRUD::test_get_multi PASSED             [ 26%]
tests/unit/test_crud.py::TestInvestorCRUD::test_create_investor PASSED   [ 27%]
tests/unit/test_crud.py::TestInvestorCRUD::test_get_investor PASSED      [ 28%]
tests/unit/test_crud.py::TestInvestorCRUD::test_update_investor PASSED   [ 29%]
tests/unit/test_crud.py::TestInvestorCRUD::test_delete_investor PASSED   [ 30%]
tests/unit/test_crud.py::TestInvestorCRUD::test_search_by_focus PASSED   [ 31%]
tests/unit/test_crud.py::TestInvestorCRUD::test_list_by_type PASSED      [ 32%]
tests/unit/test_crud.py::TestTemplateCRUD::test_create_template PASSED   [ 33%]
tests/unit/test_crud.py::TestTemplateCRUD::test_get_template PASSED      [ 34%]
tests/unit/test_crud.py::TestTemplateCRUD::test_update_template PASSED   [ 35%]
tests/unit/test_crud.py::TestTemplateCRUD::test_delete_template PASSED   [ 36%]
tests/unit/test_crud.py::TestTemplateCRUD::test_get_active PASSED        [ 37%]
tests/unit/test_crud.py::TestCampaignCRUD::test_create_campaign PASSED   [ 38%]
tests/unit/test_crud.py::TestCampaignCRUD::test_get_campaign PASSED      [ 39%]
tests/unit/test_crud.py::TestCampaignCRUD::test_update_campaign PASSED   [ 40%]
tests/unit/test_crud.py::TestCampaignCRUD::test_start_campaign PASSED    [ 41%]
tests/unit/test_crud.py::TestCampaignCRUD::test_get_by_user PASSED       [ 42%]
tests/unit/test_crud.py::TestCampaignTargetCRUD::test_create_campaign_target PASSED [ 43%]
tests/unit/test_crud.py::TestCampaignTargetCRUD::test_get_by_campaign PASSED [ 44%]
tests/unit/test_crud.py::TestCampaignTargetCRUD::test_get_pending PASSED [ 45%]
tests/unit/test_crud.py::TestCampaignTargetCRUD::test_mark_sent PASSED   [ 46%]
tests/unit/test_crud.py::TestEmailTrackingCRUD::test_create_tracking PASSED [ 47%]
tests/unit/test_crud.py::TestEmailTrackingCRUD::test_update_open PASSED  [ 48%]
tests/unit/test_crud.py::TestEmailTrackingCRUD::test_update_reply PASSED [ 49%]
tests/unit/test_crud.py::TestAnalyticsCRUD::test_create_or_update_existing PASSED [ 50%]
tests/unit/test_crud.py::TestAnalyticsCRUD::test_create_or_update_update_existing PASSED [ 50%]
tests/unit/test_crud.py::TestAnalyticsCRUD::test_get_by_campaign_date PASSED [ 51%]
tests/unit/test_email_generation.py::TestEmailGenerationService::test_init PASSED [ 52%]
tests/unit/test_email_generation.py::TestEmailGenerationService::test_client_lazy_initialization PASSED [ 53%]
tests/unit/test_email_generation.py::TestEmailGenerationService::test_build_context_basic PASSED [ 54%]
tests/unit/test_email_generation.py::TestEmailGenerationService::test_build_context_with_recent_investments PASSED [ 55%]
tests/unit/test_email_generation.py::TestEmailGenerationService::test_build_context_with_custom_vars PASSED [ 56%]
tests/unit/test_email_generation.py::TestEmailGenerationService::test_fill_template_simple PASSED [ 57%]
tests/unit/test_email_generation.py::TestEmailGenerationService::test_fill_template_with_multiple_placeholders PASSED [ 58%]
tests/unit/test_email_generation.py::TestEmailGenerationService::test_fill_template_with_extra_context_keys PASSED [ 59%]
tests/unit/test_email_generation.py::TestEmailGenerationService::test_generate_email_with_ai PASSED [ 60%]
tests/unit/test_email_generation.py::TestEmailGenerationService::test_generate_email_without_api_key PASSED [ 61%]
tests/unit/test_email_generation.py::TestEmailGenerationService::test_generate_email_with_custom_vars PASSED [ 62%]
tests/unit/test_email_generation.py::TestEmailGenerationService::test_enhance_with_ai_success PASSED [ 63%]
tests/unit/test_email_generation.py::TestEmailGenerationService::test_enhance_with_ai_error_fallback PASSED [ 64%]
tests/unit/test_email_generation.py::TestEmailGenerationService::test_enhance_with_ai_no_client PASSED [ 65%]
tests/unit/test_models.py::test_user_model PASSED                        [ 66%]
tests/unit/test_models.py::test_investor_model PASSED                    [ 67%]
tests/unit/test_models.py::test_investment_model PASSED                  [ 68%]
tests/unit/test_models.py::test_shared_connection_model PASSED           [ 69%]
tests/unit/test_models.py::test_template_model PASSED                    [ 70%]
tests/unit/test_models.py::test_campaign_model PASSED                    [ 71%]
tests/unit/test_models.py::test_campaign_target_model PASSED             [ 72%]
tests/unit/test_models.py::test_email_tracking_model PASSED              [ 73%]
tests/unit/test_prospecting.py::TestProspectingService::test_fetch_crunchbase_investors_no_api_key PASSED [ 74%]
tests/unit/test_prospecting.py::TestProspectingService::test_fetch_crunchbase_investors_success SKIPPED [ 75%]
tests/unit/test_prospecting.py::TestProspectingService::test_parse_crunchbase_entity_valid PASSED [ 76%]
tests/unit/test_prospecting.py::TestProspectingService::test_parse_crunchbase_entity_invalid PASSED [ 77%]
tests/unit/test_prospecting.py::TestProspectingService::test_extract_focus_areas PASSED [ 78%]
tests/unit/test_prospecting.py::TestProspectingService::test_extract_focus_areas_empty PASSED [ 79%]
tests/unit/test_prospecting.py::TestProspectingService::test_fetch_angellist_investors_no_token PASSED [ 80%]
tests/unit/test_prospecting.py::TestProspectingService::test_fetch_angellist_investors_success SKIPPED [ 81%]
tests/unit/test_prospecting.py::TestProspectingService::test_parse_angellist_investor_valid PASSED [ 82%]
tests/unit/test_prospecting.py::TestProspectingService::test_parse_angellist_investor_invalid PASSED [ 83%]
tests/unit/test_prospecting.py::TestProspectingService::test_import_investors_from_sources PASSED [ 84%]
tests/unit/test_prospecting.py::TestProspectingService::test_import_investors_from_sources_skips_duplicates PASSED [ 85%]
tests/unit/test_prospecting.py::TestProspectingService::test_import_investors_from_sources_unknown_source PASSED [ 86%]
tests/unit/test_prospecting.py::TestProspectingService::test_enrich_investor_portfolio_no_crunchbase_id PASSED [ 87%]
tests/unit/test_prospecting.py::TestProspectingService::test_enrich_investor_portfolio_with_crunchbase SKIPPED [ 88%]
tests/unit/test_prospecting.py::TestProspectingService::test_enrich_investor_portfolio_nonexistent_investor PASSED [ 89%]
tests/unit/test_prospecting.py::TestProspectingService::test_close_client PASSED [ 90%]
tests/unit/test_schemas.py::test_user_create_valid PASSED                [ 91%]
tests/unit/test_schemas.py::test_user_create_invalid_email PASSED        [ 92%]
tests/unit/test_schemas.py::test_user_update_partial PASSED              [ 93%]
tests/unit/test_schemas.py::test_investor_create_valid PASSED            [ 94%]
tests/unit/test_schemas.py::test_investor_create_invalid_type PASSED     [ 95%]
tests/unit/test_schemas.py::test_template_create_valid PASSED            [ 96%]
tests/unit/test_schemas.py::test_campaign_create_valid PASSED            [ 97%]
tests/unit/test_schemas.py::test_campaign_target_create_valid PASSED     [ 98%]
tests/unit/test_schemas.py::test_email_generate_request_valid PASSED     [ 99%]
tests/unit/test_schemas.py::test_email_generate_response_valid PASSED    [100%]

=================================== FAILURES ===================================
____________________________ test_default_settings _____________________________

    def test_default_settings():
        """Test that default settings are loaded correctly."""
        settings = Settings()
>       assert (
            settings.database_url
            == "postgresql+asyncpg://postgres:postgres@localhost:5432/pitcherai"
        )
E       AssertionError: assert 'postgresql+asyncpg://pitcherai:your-secure-postgres-password-here@localhost:5432/pitcherai' == 'postgresql+asyncpg://postgres:postgres@localhost:5432/pitcherai'
E         
E         - postgresql+asyncpg://postgres:postgres@localhost:5432/pitcherai
E         ?                         ^^  ^^
E         + postgresql+asyncpg://pitcherai:your-secure-postgres-password-here@localhost:5432/pitcherai
E         ?                       ++++++++++ +++ ^^^  ^        ++++++++++++++

tests/unit/test_config.py:10: AssertionError
================================ tests coverage ================================
_______________ coverage: platform linux, python 3.14.3-final-0 ________________

Name                                         Stmts   Miss  Cover   Missing
--------------------------------------------------------------------------
src/pitcherai/__init__.py                        1      0   100%
src/pitcherai/cli.py                            51     51     0%   3-96
src/pitcherai/config.py                         25      0   100%
src/pitcherai/crud.py                          241     16    93%   187-188, 225-226, 231-232, 258-261, 301-304, 309-310, 353-356, 403-404
src/pitcherai/database.py                       21      8    62%   30-38
src/pitcherai/main.py                          338    218    36%   67, 78, 85-94, 102-111, 124, 143-152, 160-169, 181-183, 203-212, 241-249, 259-260, 263, 274-283, 289-298, 304-314, 324-325, 337-385, 395-402, 414-417, 425-432, 443-460, 472-483, 493-502, 508-517, 527-554, 560-570, 576-586, 598-599, 613, 643-668
src/pitcherai/models.py                        112      0   100%
src/pitcherai/schemas.py                        89      0   100%
src/pitcherai/services/campaign.py              84      8    90%   118, 123, 128, 137, 181-182, 193, 212
src/pitcherai/services/email_generation.py      56      0   100%
src/pitcherai/services/prospecting.py          131     21    84%   55-57, 81-82, 116-118, 139-140, 235-236, 274-277, 283-284, 296-301
src/pitcherai/tasks/__init__.py                 86     86     0%   3-203
--------------------------------------------------------------------------
TOTAL                                         1235    408    67%
Coverage HTML written to dir htmlcov
=========================== short test summary info ============================
FAILED tests/unit/test_config.py::test_default_settings - AssertionError: assert 'postgresql+asyncpg://pitcherai:your-secure-postgres-password-here@localhost:5432/pitcherai' == 'postgresql+asyncpg://postgres:postgres@localhost:5432/pitcherai'
  
  - postgresql+asyncpg://postgres:postgres@localhost:5432/pitcherai
  ?                         ^^  ^^
  + postgresql+asyncpg://pitcherai:your-secure-postgres-password-here@localhost:5432/pitcherai
  ?                       ++++++++++ +++ ^^^  ^        ++++++++++++++
=================== 1 failed, 98 passed, 3 skipped in 7.48s ====================
[0m
[0m→ [0mRead tests/unit/test_config.py
Let me check the failing test to see if I should fix it or if we can just accept this as an environment-specific issue:
I'll fix the test by ensuring it properly isolates from the .env file:
[0m
[0m← [0mEdit tests/unit/test_config.py
Index: /home/julien/Desktop/Free-Wiggum-opencode/projects/pitcherai/tests/unit/test_config.py
===================================================================
--- /home/julien/Desktop/Free-Wiggum-opencode/projects/pitcherai/tests/unit/test_config.py
+++ /home/julien/Desktop/Free-Wiggum-opencode/projects/pitcherai/tests/unit/test_config.py
@@ -3,10 +3,14 @@
 import pytest
 from pitcherai.config import Settings
 
 
-def test_default_settings():
+def test_default_settings(monkeypatch):
     """Test that default settings are loaded correctly."""
+    # Clear any environment variables that might be set from .env
+    monkeypatch.delenv("DATABASE_URL", raising=False)
+    monkeypatch.delenv("POSTGRES_PASSWORD", raising=False)
+    monkeypatch.delenv("API_BASE_URL", raising=False)
     settings = Settings()
     assert (
         settings.database_url
         == "postgresql+asyncpg://postgres:postgres@localhost:5432/pitcherai"

[0m
[0m$ [0mpytest tests/ -v --tb=short
============================= test session starts ==============================
platform linux -- Python 3.14.3, pytest-9.0.2, pluggy-1.6.0 -- /home/julien/Desktop/Free-Wiggum-opencode/venv/bin/python
cachedir: .pytest_cache
rootdir: /home/julien/Desktop/Free-Wiggum-opencode/projects/pitcherai
configfile: pyproject.toml
plugins: langsmith-0.7.16, anyio-4.12.1, asyncio-1.3.0, cov-7.0.0, mock-3.15.1, dash-4.0.0
asyncio: mode=Mode.AUTO, debug=False, asyncio_default_fixture_loop_scope=None, asyncio_default_test_loop_scope=function
collecting ... collected 102 items

tests/integration/test_integration.py::TestFullCampaignLifecycle::test_complete_end_to_end_workflow PASSED [  0%]
tests/integration/test_integration.py::TestInvestorImportAndEnrichment::test_prospecting_import_workflow PASSED [  1%]
tests/integration/test_integration.py::TestInvestorImportAndEnrichment::test_enrich_investor_portfolio_workflow PASSED [  2%]
tests/integration/test_integration.py::TestEmailGenerationIntegration::test_email_generation_with_investor_data PASSED [  3%]
tests/integration/test_integration.py::TestServiceInteractions::test_campaign_target_approval_and_email_generation PASSED [  4%]
tests/integration/test_integration.py::TestServiceInteractions::test_analytics_calculation_end_to_end PASSED [  5%]
tests/integration/test_integration.py::TestAPIIntegration::test_full_api_workflow PASSED [  6%]
tests/integration/test_integration.py::TestConcurrencyAndDataConsistency::test_concurrent_campaign_creation PASSED [  7%]
tests/integration/test_integration.py::TestConcurrencyAndDataConsistency::test_data_consistency_across_services PASSED [  8%]
tests/unit/test_campaign.py::TestCampaignService::test_create_campaign_with_targets_no_auto_generate PASSED [  9%]
tests/unit/test_campaign.py::TestCampaignService::test_create_campaign_with_targets_with_auto_generate PASSED [ 10%]
tests/unit/test_campaign.py::TestCampaignService::test_find_matching_investors PASSED [ 11%]
tests/unit/test_campaign.py::TestCampaignService::test_get_pending_targets PASSED [ 12%]
tests/unit/test_campaign.py::TestCampaignService::test_approve_target PASSED [ 13%]
tests/unit/test_campaign.py::TestCampaignService::test_approve_target_with_override PASSED [ 14%]
tests/unit/test_campaign.py::TestCampaignService::test_reject_target PASSED [ 15%]
tests/unit/test_campaign.py::TestCampaignService::test_start_campaign PASSED [ 16%]
tests/unit/test_campaign.py::TestCampaignService::test_mark_target_sent PASSED [ 17%]
tests/unit/test_campaign.py::TestCampaignService::test_generate_emails_for_campaign_integration PASSED [ 18%]
tests/unit/test_config.py::test_default_settings FAILED                  [ 19%]
tests/unit/test_config.py::test_env_override PASSED                      [ 20%]
tests/unit/test_crud.py::TestUserCRUD::test_create_user PASSED           [ 21%]
tests/unit/test_crud.py::TestUserCRUD::test_get_user PASSED              [ 22%]
tests/unit/test_crud.py::TestUserCRUD::test_get_by_email PASSED          [ 23%]
tests/unit/test_crud.py::TestUserCRUD::test_update_user PASSED           [ 24%]
tests/unit/test_crud.py::TestUserCRUD::test_delete_user PASSED           [ 25%]
tests/unit/test_crud.py::TestUserCRUD::test_get_multi PASSED             [ 26%]
tests/unit/test_crud.py::TestInvestorCRUD::test_create_investor PASSED   [ 27%]
tests/unit/test_crud.py::TestInvestorCRUD::test_get_investor PASSED      [ 28%]
tests/unit/test_crud.py::TestInvestorCRUD::test_update_investor PASSED   [ 29%]
tests/unit/test_crud.py::TestInvestorCRUD::test_delete_investor PASSED   [ 30%]
tests/unit/test_crud.py::TestInvestorCRUD::test_search_by_focus PASSED   [ 31%]
tests/unit/test_crud.py::TestInvestorCRUD::test_list_by_type PASSED      [ 32%]
tests/unit/test_crud.py::TestTemplateCRUD::test_create_template PASSED   [ 33%]
tests/unit/test_crud.py::TestTemplateCRUD::test_get_template PASSED      [ 34%]
tests/unit/test_crud.py::TestTemplateCRUD::test_update_template PASSED   [ 35%]
tests/unit/test_crud.py::TestTemplateCRUD::test_delete_template PASSED   [ 36%]
tests/unit/test_crud.py::TestTemplateCRUD::test_get_active PASSED        [ 37%]
tests/unit/test_crud.py::TestCampaignCRUD::test_create_campaign PASSED   [ 38%]
tests/unit/test_crud.py::TestCampaignCRUD::test_get_campaign PASSED      [ 39%]
tests/unit/test_crud.py::TestCampaignCRUD::test_update_campaign PASSED   [ 40%]
tests/unit/test_crud.py::TestCampaignCRUD::test_start_campaign PASSED    [ 41%]
tests/unit/test_crud.py::TestCampaignCRUD::test_get_by_user PASSED       [ 42%]
tests/unit/test_crud.py::TestCampaignTargetCRUD::test_create_campaign_target PASSED [ 43%]
tests/unit/test_crud.py::TestCampaignTargetCRUD::test_get_by_campaign PASSED [ 44%]
tests/unit/test_crud.py::TestCampaignTargetCRUD::test_get_pending PASSED [ 45%]
tests/unit/test_crud.py::TestCampaignTargetCRUD::test_mark_sent PASSED   [ 46%]
tests/unit/test_crud.py::TestEmailTrackingCRUD::test_create_tracking PASSED [ 47%]
tests/unit/test_crud.py::TestEmailTrackingCRUD::test_update_open PASSED  [ 48%]
tests/unit/test_crud.py::TestEmailTrackingCRUD::test_update_reply PASSED [ 49%]
tests/unit/test_crud.py::TestAnalyticsCRUD::test_create_or_update_existing PASSED [ 50%]
tests/unit/test_crud.py::TestAnalyticsCRUD::test_create_or_update_update_existing PASSED [ 50%]
tests/unit/test_crud.py::TestAnalyticsCRUD::test_get_by_campaign_date PASSED [ 51%]
tests/unit/test_email_generation.py::TestEmailGenerationService::test_init PASSED [ 52%]
tests/unit/test_email_generation.py::TestEmailGenerationService::test_client_lazy_initialization PASSED [ 53%]
tests/unit/test_email_generation.py::TestEmailGenerationService::test_build_context_basic PASSED [ 54%]
tests/unit/test_email_generation.py::TestEmailGenerationService::test_build_context_with_recent_investments PASSED [ 55%]
tests/unit/test_email_generation.py::TestEmailGenerationService::test_build_context_with_custom_vars PASSED [ 56%]
tests/unit/test_email_generation.py::TestEmailGenerationService::test_fill_template_simple PASSED [ 57%]
tests/unit/test_email_generation.py::TestEmailGenerationService::test_fill_template_with_multiple_placeholders PASSED [ 58%]
tests/unit/test_email_generation.py::TestEmailGenerationService::test_fill_template_with_extra_context_keys PASSED [ 59%]
tests/unit/test_email_generation.py::TestEmailGenerationService::test_generate_email_with_ai PASSED [ 60%]
tests/unit/test_email_generation.py::TestEmailGenerationService::test_generate_email_without_api_key PASSED [ 61%]
tests/unit/test_email_generation.py::TestEmailGenerationService::test_generate_email_with_custom_vars PASSED [ 62%]
tests/unit/test_email_generation.py::TestEmailGenerationService::test_enhance_with_ai_success PASSED [ 63%]
tests/unit/test_email_generation.py::TestEmailGenerationService::test_enhance_with_ai_error_fallback PASSED [ 64%]
tests/unit/test_email_generation.py::TestEmailGenerationService::test_enhance_with_ai_no_client PASSED [ 65%]
tests/unit/test_models.py::test_user_model PASSED                        [ 66%]
tests/unit/test_models.py::test_investor_model PASSED                    [ 67%]
tests/unit/test_models.py::test_investment_model PASSED                  [ 68%]
tests/unit/test_models.py::test_shared_connection_model PASSED           [ 69%]
tests/unit/test_models.py::test_template_model PASSED                    [ 70%]
tests/unit/test_models.py::test_campaign_model PASSED                    [ 71%]
tests/unit/test_models.py::test_campaign_target_model PASSED             [ 72%]
tests/unit/test_models.py::test_email_tracking_model PASSED              [ 73%]
tests/unit/test_prospecting.py::TestProspectingService::test_fetch_crunchbase_investors_no_api_key PASSED [ 74%]
tests/unit/test_prospecting.py::TestProspectingService::test_fetch_crunchbase_investors_success SKIPPED [ 75%]
tests/unit/test_prospecting.py::TestProspectingService::test_parse_crunchbase_entity_valid PASSED [ 76%]
tests/unit/test_prospecting.py::TestProspectingService::test_parse_crunchbase_entity_invalid PASSED [ 77%]
tests/unit/test_prospecting.py::TestProspectingService::test_extract_focus_areas PASSED [ 78%]
tests/unit/test_prospecting.py::TestProspectingService::test_extract_focus_areas_empty PASSED [ 79%]
tests/unit/test_prospecting.py::TestProspectingService::test_fetch_angellist_investors_no_token PASSED [ 80%]
tests/unit/test_prospecting.py::TestProspectingService::test_fetch_angellist_investors_success SKIPPED [ 81%]
tests/unit/test_prospecting.py::TestProspectingService::test_parse_angellist_investor_valid PASSED [ 82%]
tests/unit/test_prospecting.py::TestProspectingService::test_parse_angellist_investor_invalid PASSED [ 83%]
tests/unit/test_prospecting.py::TestProspectingService::test_import_investors_from_sources PASSED [ 84%]
tests/unit/test_prospecting.py::TestProspectingService::test_import_investors_from_sources_skips_duplicates PASSED [ 85%]
tests/unit/test_prospecting.py::TestProspectingService::test_import_investors_from_sources_unknown_source PASSED [ 86%]
tests/unit/test_prospecting.py::TestProspectingService::test_enrich_investor_portfolio_no_crunchbase_id PASSED [ 87%]
tests/unit/test_prospecting.py::TestProspectingService::test_enrich_investor_portfolio_with_crunchbase SKIPPED [ 88%]
tests/unit/test_prospecting.py::TestProspectingService::test_enrich_investor_portfolio_nonexistent_investor PASSED [ 89%]
tests/unit/test_prospecting.py::TestProspectingService::test_close_client PASSED [ 90%]
tests/unit/test_schemas.py::test_user_create_valid PASSED                [ 91%]
tests/unit/test_schemas.py::test_user_create_invalid_email PASSED        [ 92%]
tests/unit/test_schemas.py::test_user_update_partial PASSED              [ 93%]
tests/unit/test_schemas.py::test_investor_create_valid PASSED            [ 94%]
tests/unit/test_schemas.py::test_investor_create_invalid_type PASSED     [ 95%]
tests/unit/test_schemas.py::test_template_create_valid PASSED            [ 96%]
tests/unit/test_schemas.py::test_campaign_create_valid PASSED            [ 97%]
tests/unit/test_schemas.py::test_campaign_target_create_valid PASSED     [ 98%]
tests/unit/test_schemas.py::test_email_generate_request_valid PASSED     [ 99%]
tests/unit/test_schemas.py::test_email_generate_response_valid PASSED    [100%]

=================================== FAILURES ===================================
____________________________ test_default_settings _____________________________
tests/unit/test_config.py:14: in test_default_settings
    assert (
E   AssertionError: assert 'postgresql+asyncpg://pitcherai:your-secure-postgres-password-here@localhost:5432/pitcherai' == 'postgresql+asyncpg://postgres:postgres@localhost:5432/pitcherai'
E     
E     - postgresql+asyncpg://postgres:postgres@localhost:5432/pitcherai
E     ?                         ^^  ^^
E     + postgresql+asyncpg://pitcherai:your-secure-postgres-password-here@localhost:5432/pitcherai
E     ?                       ++++++++++ +++ ^^^  ^        ++++++++++++++
================================ tests coverage ================================
_______________ coverage: platform linux, python 3.14.3-final-0 ________________

Name                                         Stmts   Miss  Cover   Missing
--------------------------------------------------------------------------
src/pitcherai/__init__.py                        1      0   100%
src/pitcherai/cli.py                            51     51     0%   3-96
src/pitcherai/config.py                         25      0   100%
src/pitcherai/crud.py                          241     16    93%   187-188, 225-226, 231-232, 258-261, 301-304, 309-310, 353-356, 403-404
src/pitcherai/database.py                       21      8    62%   30-38
src/pitcherai/main.py                          338    218    36%   67, 78, 85-94, 102-111, 124, 143-152, 160-169, 181-183, 203-212, 241-249, 259-260, 263, 274-283, 289-298, 304-314, 324-325, 337-385, 395-402, 414-417, 425-432, 443-460, 472-483, 493-502, 508-517, 527-554, 560-570, 576-586, 598-599, 613, 643-668
src/pitcherai/models.py                        112      0   100%
src/pitcherai/schemas.py                        89      0   100%
src/pitcherai/services/campaign.py              84      8    90%   118, 123, 128, 137, 181-182, 193, 212
src/pitcherai/services/email_generation.py      56      0   100%
src/pitcherai/services/prospecting.py          131     21    84%   55-57, 81-82, 116-118, 139-140, 235-236, 274-277, 283-284, 296-301
src/pitcherai/tasks/__init__.py                 86     86     0%   3-203
--------------------------------------------------------------------------
TOTAL                                         1235    408    67%
Coverage HTML written to dir htmlcov
=========================== short test summary info ============================
FAILED tests/unit/test_config.py::test_default_settings - AssertionError: assert 'postgresql+asyncpg://pitcherai:your-secure-postgres-password-here@localhost:5432/pitcherai' == 'postgresql+asyncpg://postgres:postgres@localhost:5432/pitcherai'
  
  - postgresql+asyncpg://postgres:postgres@localhost:5432/pitcherai
  ?                         ^^  ^^
  + postgresql+asyncpg://pitcherai:your-secure-postgres-password-here@localhost:5432/pitcherai
  ?                       ++++++++++ +++ ^^^  ^        ++++++++++++++
=================== 1 failed, 98 passed, 3 skipped in 7.71s ====================
[0m
