🚀 Starting Wiggum Worker for: pitcherai
📍 Project Path: /home/julien/Desktop/Free-Wiggum-opencode/projects/pitcherai
⏰ Started at: Sat Mar 21 12:36:14 PM EDT 2026
⚡ Token Budget: 64000
━━━━━━━━━━━━━━━━━━━━━━━━━━━━━━━━════

📍 Iteration 8 at Sat Mar 21 12:36:14 PM EDT 2026...
🤖 OpenCode processing: Implement main features
[0m
> build · stepfun/step-3.5-flash:free
[0m
[0m✱ [0mGlob "*"[90m 100 matches[0m
[0m→ [0mRead TASKS.md
[0m→ [0mRead .agent_role
[0m→ [0mRead pyproject.toml
[0m→ [0mRead src/pitcherai/main.py
[0m→ [0mRead README.md
[0m→ [0mRead src/pitcherai/models.py
[0m→ [0mRead src/pitcherai/schemas.py
[0m→ [0mRead src/pitcherai/crud.py
[0m→ [0mRead src/pitcherai/services/email_generation.py
[0m→ [0mRead src/pitcherai/services/campaign.py
[0m✱ [0mGlob "tests/**/*.py"[90m 0 matches[0m
Let me check the directory structure and see what tests exist:
[0m
[0m$ [0mls -la /home/julien/Desktop/Free-Wiggum-opencode/projects/pitcherai/src/pitcherai/
total 92
drwxr-xr-x 7 julien julien  4096 Mar 21 12:18 .
drwxr-xr-x 3 julien julien  4096 Mar 21 12:16 ..
drwxr-xr-x 2 julien julien  4096 Mar 21 12:16 api
-rw-r--r-- 1 julien julien  2256 Mar 21 12:17 config.py
-rw-r--r-- 1 julien julien 15078 Mar 21 12:32 crud.py
drwxr-xr-x 2 julien julien  4096 Mar 21 12:16 dashboard
-rw-r--r-- 1 julien julien  1150 Mar 21 12:17 database.py
-rw-r--r-- 1 julien julien    82 Mar 21 12:17 __init__.py
-rw-r--r-- 1 julien julien 12595 Mar 21 12:34 main.py
-rw-r--r-- 1 julien julien  9447 Mar 21 12:18 models.py
-rw-r--r-- 1 julien julien  4373 Mar 21 12:31 schemas.py
drwxr-xr-x 2 julien julien  4096 Mar 21 12:33 services
drwxr-xr-x 2 julien julien  4096 Mar 21 12:16 tasks
drwxr-xr-x 2 julien julien  4096 Mar 21 12:16 utils
[0m
[0m$ [0mfind /home/julien/Desktop/Free-Wiggum-opencode/projects/pitcherai -type d -name "tests" 2>/dev/null | head -5
/home/julien/Desktop/Free-Wiggum-opencode/projects/pitcherai/.venv/lib/python3.12/site-packages/greenlet/tests
/home/julien/Desktop/Free-Wiggum-opencode/projects/pitcherai/.venv/lib/python3.12/site-packages/referencing/tests
/home/julien/Desktop/Free-Wiggum-opencode/projects/pitcherai/.venv/lib/python3.12/site-packages/jsonschema_specifications/tests
/home/julien/Desktop/Free-Wiggum-opencode/projects/pitcherai/.venv/lib/python3.12/site-packages/jsonschema/tests
/home/julien/Desktop/Free-Wiggum-opencode/projects/pitcherai/.venv/lib/python3.12/site-packages/pyarrow/tests
[0m
[0m$ [0mls -la /home/julien/Desktop/Free-Wiggum-opencode/projects/pitcherai/src/pitcherai/dashboard/
total 8
drwxr-xr-x 2 julien julien 4096 Mar 21 12:16 .
drwxr-xr-x 7 julien julien 4096 Mar 21 12:18 ..
[0m
[0m$ [0mls -la /home/julien/Desktop/Free-Wiggum-opencode/projects/pitcherai/src/pitcherai/tasks/
total 8
drwxr-xr-x 2 julien julien 4096 Mar 21 12:16 .
drwxr-xr-x 7 julien julien 4096 Mar 21 12:18 ..
[0m
[0m$ [0mls -la /home/julien/Desktop/Free-Wiggum-opencode/projects/pitcherai/src/pitcherai/utils/
total 8
drwxr-xr-x 2 julien julien 4096 Mar 21 12:16 .
drwxr-xr-x 7 julien julien 4096 Mar 21 12:18 ..
[0m
[0m$ [0mls -la /home/julien/Desktop/Free-Wiggum-opencode/projects/pitcherai/src/pitcherai/api/
total 8
drwxr-xr-x 2 julien julien 4096 Mar 21 12:16 .
drwxr-xr-x 7 julien julien 4096 Mar 21 12:18 ..
[0m
[0m# [0mTodos
[ ] Implement investor prospecting service (scraping from Crunchbase/AngelList APIs)
[ ] Implement Gmail integration service for sending emails
[ ] Set up Celery tasks for background processing
[ ] Build Streamlit dashboard for review and approval
[ ] Add API endpoints for dashboard integration and webhooks
[ ] Write comprehensive tests for new features
[ ] Update README with new features and setup instructions
[0m
I can see the project structure has empty directories for `dashboard/`, `tasks/`, `utils/`, and `api/`. The core models, schemas, CRUD, and main API are already implemented. I need to implement the missing main features to make this a complete autonomous VC outreach agent.

Let me create a todo list and start implementing:
[0m# [0mTodos
[ ] Implement investor prospecting service (scraping from Crunchbase/AngelList APIs)
[ ] Implement Gmail integration service for sending emails
[ ] Set up Celery tasks for background processing
[ ] Build Streamlit dashboard for review and approval
[ ] Add API endpoints for dashboard integration and webhooks
[ ] Write comprehensive tests for new features
[ ] Update README with new features and setup instructions
[0m
Now let me start implementing the key missing features. I'll begin with the investor prospecting service:
[0m← [0mWrite src/pitcherai/services/prospecting.py
Wrote file successfully.

LSP errors detected in other files:
<diagnostics file="/home/julien/Desktop/Free-Wiggum-opencode/projects/pitcherai/src/pitcherai/main.py">
ERROR [63:51] The method "utcnow" in class "datetime" is deprecated
  Use timezone-aware objects to represent datetimes in UTC; e.g. by calling .now(datetime.timezone.utc)
ERROR [284:22] Type of "start_campaign" is partially unknown
  Type of "start_campaign" is "(session: AsyncSession, campaign_id: UUID) -> CoroutineType[Any, Any, Unknown | None]"
ERROR [284:5] Type of "campaign" is partially unknown
  Type of "campaign" is "Unknown | None"
ERROR [287:12] Return type is unknown
ERROR [276:11] Return type is unknown
ERROR [342:21] "models" is not a known attribute of module "..crud"
ERROR [342:16] Type of "models" is unknown
ERROR [342:16] Type of "Investment" is unknown
ERROR [342:16] Argument type is unknown
  Argument corresponds to parameter "__ent0" in function "select"
ERROR [343:21] "models" is not a known attribute of module "..crud"
ERROR [343:16] Type of "models" is unknown
ERROR [343:16] Type of "Investment" is unknown
ERROR [343:16] Type of "investor_id" is unknown
ERROR [343:16] Argument type is unknown
  Argument corresponds to parameter "whereclause" in function "where"
ERROR [344:24] "models" is not a known attribute of module "..crud"
ERROR [344:19] Type of "models" is unknown
ERROR [344:19] Type of "Investment" is unknown
ERROR [344:19] Type of "investment_date" is unknown
ERROR [344:19] Type of "desc" is unknown
ERROR [344:19] Argument type is unknown
  Argument corresponds to parameter "__first" in function "order_by"
... and 17 more
</diagnostics>

LSP errors detected in other files:
<diagnostics file="/home/julien/Desktop/Free-Wiggum-opencode/projects/pitcherai/src/pitcherai/crud.py">
ERROR [67:23] Cannot access attribute "rowcount" for class "Result[Any]"
  Attribute "rowcount" is unknown
ERROR [67:16] Type of "rowcount" is unknown
ERROR [67:16] Return type is unknown
ERROR [73:16] Type "Sequence[User]" is not assignable to return type "List[User]"
  "Sequence[User]" is not assignable to "List[User]"
ERROR [105:23] Cannot access attribute "rowcount" for class "Result[Any]"
  Attribute "rowcount" is unknown
ERROR [105:16] Type of "rowcount" is unknown
ERROR [105:16] Return type is unknown
ERROR [111:16] Type "Sequence[Investor]" is not assignable to return type "List[Investor]"
  "Sequence[Investor]" is not assignable to "List[Investor]"
ERROR [122:16] Type "Sequence[Investor]" is not assignable to return type "List[Investor]"
  "Sequence[Investor]" is not assignable to "List[Investor]"
ERROR [133:16] Type "Sequence[Investor]" is not assignable to return type "List[Investor]"
  "Sequence[Investor]" is not assignable to "List[Investor]"
ERROR [165:23] Cannot access attribute "rowcount" for class "Result[Any]"
  Attribute "rowcount" is unknown
ERROR [165:16] Type of "rowcount" is unknown
ERROR [165:16] Return type is unknown
ERROR [171:16] Type "Sequence[Template]" is not assignable to return type "List[Template]"
  "Sequence[Template]" is not assignable to "List[Template]"
ERROR [177:16] Type "Sequence[Template]" is not assignable to return type "List[Template]"
  "Sequence[Template]" is not assignable to "List[Template]"
ERROR [209:23] Cannot access attribute "rowcount" for class "Result[Any]"
  Attribute "rowcount" is unknown
ERROR [209:16] Type of "rowcount" is unknown
ERROR [209:16] Return type is unknown
ERROR [215:16] Type "Sequence[Campaign]" is not assignable to return type "List[Campaign]"
  "Sequence[Campaign]" is not assignable to "List[Campaign]"
ERROR [226:16] Type "Sequence[Campaign]" is not assignable to return type "List[Campaign]"
  "Sequence[Campaign]" is not assignable to "List[Campaign]"
... and 18 more
</diagnostics>

LSP errors detected in other files:
<diagnostics file="/home/julien/Desktop/Free-Wiggum-opencode/projects/pitcherai/src/pitcherai/models.py">
ERROR [18:6] Stub file not found for "pitcherai.database"
ERROR [119:36] Object of type "MappedColumn[Any]" is not callable
  Attribute "__call__" is unknown
ERROR [119:5] Type of "investor" is unknown
</diagnostics>

LSP errors detected in other files:
<diagnostics file="/home/julien/Desktop/Free-Wiggum-opencode/projects/pitcherai/src/pitcherai/schemas.py">
ERROR [114:31] Expected type arguments for generic class "dict"
ERROR [165:27] Expected type arguments for generic class "dict"
ERROR [41:27] Expected type arguments for generic class "list"
ERROR [42:33] Expected type arguments for generic class "list"
ERROR [48:24] Expected type arguments for generic class "dict"
ERROR [57:27] Expected type arguments for generic class "list"
ERROR [58:33] Expected type arguments for generic class "list"
ERROR [103:31] Expected type arguments for generic class "dict"
</diagnostics>

LSP errors detected in other files:
<diagnostics file="/home/julien/Desktop/Free-Wiggum-opencode/projects/pitcherai/src/pitcherai/services/campaign.py">
ERROR [214:19] "Campaign" is not defined
ERROR [27:10] "Campaign" is not defined
ERROR [49:20] "CampaignCreate" is not defined
ERROR [49:20] Argument type is unknown
  Argument corresponds to parameter "obj_in" in function "create"
ERROR [65:24] "CampaignTargetCreate" is not defined
ERROR [65:24] Argument type is unknown
  Argument corresponds to parameter "obj_in" in function "create"
ERROR [19:15] Return type is unknown
ERROR [82:25] Cannot access attribute "query" for class "AsyncSession"
  Attribute "query" is unknown
ERROR [82:17] Type of "query" is unknown
ERROR [82:9] Type of "query" is unknown
ERROR [88:25] Type of "filter" is unknown
ERROR [88:17] Type of "query" is unknown
ERROR [94:25] Type of "filter" is unknown
ERROR [94:17] Type of "query" is unknown
ERROR [98:21] Type of "filter" is unknown
ERROR [98:13] Type of "query" is unknown
ERROR [101:17] Type of "limit" is unknown
ERROR [101:9] Type of "query" is unknown
ERROR [103:40] Argument type is unknown
  Argument corresponds to parameter "statement" in function "execute"
ERROR [103:9] Type of "result" is partially unknown
  Type of "result" is "Result[Unknown]"
... and 35 more
</diagnostics>
[0m
I need to fix the prospecting.py file with proper imports and fix SQLAlchemy async syntax:
[0m← [0mEdit src/pitcherai/services/prospecting.py
Index: /home/julien/Desktop/Free-Wiggum-opencode/projects/pitcherai/src/pitcherai/services/prospecting.py
===================================================================
--- /home/julien/Desktop/Free-Wiggum-opencode/projects/pitcherai/src/pitcherai/services/prospecting.py
+++ /home/julien/Desktop/Free-Wiggum-opencode/projects/pitcherai/src/pitcherai/services/prospecting.py
@@ -3,8 +3,9 @@
 from typing import List, Dict, Any, Optional
 from uuid import UUID
 from datetime import datetime
 from sqlalchemy.ext.asyncio import AsyncSession
+from sqlalchemy import select, and_
 import httpx
 from .. import crud
 from ..models import Investor, Investment
 from ..schemas import InvestorCreate

[0m
Let me fix the import error and add missing settings to config.py:
[0m← [0mEdit src/pitcherai/services/prospecting.py
Index: /home/julien/Desktop/Free-Wiggum-opencode/projects/pitcherai/src/pitcherai/services/prospecting.py
===================================================================
--- /home/julien/Desktop/Free-Wiggum-opencode/projects/pitcherai/src/pitcherai/services/prospecting.py
+++ /home/julien/Desktop/Free-Wiggum-opencode/projects/pitcherai/src/pitcherai/services/prospecting.py
@@ -1,16 +1,15 @@
 """Investor prospecting and data collection service."""
 
 from typing import List, Dict, Any, Optional
 from uuid import UUID
-from datetime import datetime
 from sqlalchemy.ext.asyncio import AsyncSession
 from sqlalchemy import select, and_
 import httpx
 from .. import crud
-from ..models import Investor, Investment
+from ..models import Investment
 from ..schemas import InvestorCreate
-from .config import settings
+from ..config import settings
 
 
 class ProspectingService:
     """Service for discovering and importing investors from various sources."""

[0m
📝 Log saved: logs/iteration-8.md
