🚀 Starting Wiggum Worker for: pitcherai
📍 Project Path: /home/julien/Desktop/Free-Wiggum-opencode/projects/pitcherai
⏰ Started at: Fri Mar 27 01:20:08 PM EDT 2026
⚡ Token Budget: 64000
━━━━━━━━━━━━━━━━━━━━━━━━━━━━━━━━════

📍 Iteration 33 at Fri Mar 27 01:20:08 PM EDT 2026...
🤖 OpenCode processing: Deploy and validate
[0m
> build · stepfun/step-3.5-flash:free
[0m
I'll help you deploy and validate the PitcherAI project. Let me first explore the project structure to understand what we're deploying.
[0m→ [0mRead .
[0m→ [0mRead README.md
[0m✱ [0mGlob "**/*.py"[90m 24 matches[0m
[0m✱ [0mGlob "**/*.json"[90m 1 match[0m
[0m✱ [0mGlob "**/Dockerfile*"[90m 1 match[0m
[0m→ [0mRead Dockerfile
Let me check the deployment configuration files:
[0m→ [0mRead docker-compose.yml
[0m→ [0mRead .env.production
[0m→ [0mRead DEPLOYMENT.md
[0m→ [0mRead TASKS.md
Now let me check the TASKS.md file to see the current status and the specific "Deploy and validate" task:
Now let me deploy and validate the application. First, I'll check if Docker is available and prepare the environment:
[0m
[0m$ [0mwhich docker && docker --version
which: no docker in (/home/julien/Desktop/Free-Wiggum-opencode/venv/bin:/home/julien/.cargo/bin:/home/julien/.local/bin:/home/julien/.nvm/versions/node/v22.21.1/bin:/usr/local/sbin:/usr/local/bin:/usr/bin:/usr/bin/site_perl:/usr/bin/vendor_perl:/usr/bin/core_perl)
[0m
[0m$ [0mwhich docker-compose && docker-compose --version
which: no docker-compose in (/home/julien/Desktop/Free-Wiggum-opencode/venv/bin:/home/julien/.cargo/bin:/home/julien/.local/bin:/home/julien/.nvm/versions/node/v22.21.1/bin:/usr/local/sbin:/usr/local/bin:/usr/bin:/usr/bin/site_perl:/usr/bin/vendor_perl:/usr/bin/core_perl)
[0m
[0m$ [0mls -la /home/julien/Desktop/Free-Wiggum-opencode/projects/pitcherai/.env
-rw-r--r-- 1 julien julien 948 Mar 22 12:59 /home/julien/Desktop/Free-Wiggum-opencode/projects/pitcherai/.env
[0m
[0m$ [0mwhich psql && psql --version
which: no psql in (/home/julien/Desktop/Free-Wiggum-opencode/venv/bin:/home/julien/.cargo/bin:/home/julien/.local/bin:/home/julien/.nvm/versions/node/v22.21.1/bin:/usr/local/sbin:/usr/local/bin:/usr/bin:/usr/bin/site_perl:/usr/bin/vendor_perl:/usr/bin/core_perl)
[0m
[0m$ [0mwhich redis-cli && redis-cli --version
which: no redis-cli in (/home/julien/Desktop/Free-Wiggum-opencode/venv/bin:/home/julien/.cargo/bin:/home/julien/.local/bin:/home/julien/.nvm/versions/node/v22.21.1/bin:/usr/local/sbin:/usr/local/bin:/usr/bin:/usr/bin/site_perl:/usr/bin/vendor_perl:/usr/bin/core_perl)
[0m
Docker is not installed on this system. Since we need to deploy and validate, let me check what's available for manual deployment or validate that the application can run directly:
[0m$ [0msystemctl status postgresql 2>/dev/null || service postgresql status 2>/dev/null || echo "PostgreSQL service not running"
PostgreSQL service not running
[0m
[0m$ [0msystemctl status redis 2>/dev/null || service redis status 2>/dev/null || echo "Redis service not running"
Redis service not running
[0m
Let me check if we can run tests to validate the application code:
[0m$ [0mwhich uv
/home/julien/Desktop/Free-Wiggum-opencode/venv/bin/uv
[0m
[0m$ [0msource .venv/bin/activate && which python && python --version
/home/julien/Desktop/Free-Wiggum-opencode/projects/pitcherai/.venv/bin/python
Python 3.12.13
[0m
[0m→ [0mRead tests/conftest.py
[0m→ [0mRead pyproject.toml
Good! We have a virtual environment set up. Now let me check the test configuration to see if tests can run without PostgreSQL/Redis:
Excellent! The tests use SQLite in-memory database, so they don't require PostgreSQL or Redis. Let me run the tests to validate code correctness:
[0m
[0m$ [0msource .venv/bin/activate && uv run pytest tests/ -v
============================= test session starts ==============================
platform linux -- Python 3.12.13, pytest-9.0.2, pluggy-1.6.0 -- /home/julien/Desktop/Free-Wiggum-opencode/projects/pitcherai/.venv/bin/python
cachedir: .pytest_cache
rootdir: /home/julien/Desktop/Free-Wiggum-opencode/projects/pitcherai
configfile: pyproject.toml
plugins: anyio-4.12.1, asyncio-1.3.0, cov-7.0.0
asyncio: mode=Mode.AUTO, debug=False, asyncio_default_fixture_loop_scope=None, asyncio_default_test_loop_scope=function
collecting ... collected 52 items / 4 errors

==================================== ERRORS ====================================
____________ ERROR collecting tests/integration/test_integration.py ____________
ImportError while importing test module '/home/julien/Desktop/Free-Wiggum-opencode/projects/pitcherai/tests/integration/test_integration.py'.
Hint: make sure your test modules/packages have valid Python names.
Traceback:
.venv/lib/python3.12/site-packages/_pytest/python.py:507: in importtestmodule
    mod = import_path(
.venv/lib/python3.12/site-packages/_pytest/pathlib.py:587: in import_path
    importlib.import_module(module_name)
../../../../.local/share/uv/python/cpython-3.12.13-linux-x86_64-gnu/lib/python3.12/importlib/__init__.py:90: in import_module
    return _bootstrap._gcd_import(name[level:], package, level)
           ^^^^^^^^^^^^^^^^^^^^^^^^^^^^^^^^^^^^^^^^^^^^^^^^^^^^
<frozen importlib._bootstrap>:1387: in _gcd_import
    ???
<frozen importlib._bootstrap>:1360: in _find_and_load
    ???
<frozen importlib._bootstrap>:1331: in _find_and_load_unlocked
    ???
<frozen importlib._bootstrap>:935: in _load_unlocked
    ???
.venv/lib/python3.12/site-packages/_pytest/assertion/rewrite.py:197: in exec_module
    exec(co, module.__dict__)
tests/integration/test_integration.py:16: in <module>
    from pitcherai.services.prospecting import ProspectingService
src/pitcherai/services/prospecting.py:11: in <module>
    from ..config import settings
E   ImportError: cannot import name 'settings' from 'pitcherai.config' (/home/julien/Desktop/Free-Wiggum-opencode/projects/pitcherai/src/pitcherai/config.py)
_________________ ERROR collecting tests/unit/test_campaign.py _________________
ImportError while importing test module '/home/julien/Desktop/Free-Wiggum-opencode/projects/pitcherai/tests/unit/test_campaign.py'.
Hint: make sure your test modules/packages have valid Python names.
Traceback:
.venv/lib/python3.12/site-packages/_pytest/python.py:507: in importtestmodule
    mod = import_path(
.venv/lib/python3.12/site-packages/_pytest/pathlib.py:587: in import_path
    importlib.import_module(module_name)
../../../../.local/share/uv/python/cpython-3.12.13-linux-x86_64-gnu/lib/python3.12/importlib/__init__.py:90: in import_module
    return _bootstrap._gcd_import(name[level:], package, level)
           ^^^^^^^^^^^^^^^^^^^^^^^^^^^^^^^^^^^^^^^^^^^^^^^^^^^^
<frozen importlib._bootstrap>:1387: in _gcd_import
    ???
<frozen importlib._bootstrap>:1360: in _find_and_load
    ???
<frozen importlib._bootstrap>:1331: in _find_and_load_unlocked
    ???
<frozen importlib._bootstrap>:935: in _load_unlocked
    ???
.venv/lib/python3.12/site-packages/_pytest/assertion/rewrite.py:197: in exec_module
    exec(co, module.__dict__)
tests/unit/test_campaign.py:11: in <module>
    from pitcherai.services.campaign import CampaignService
src/pitcherai/services/campaign.py:10: in <module>
    from .email_generation import email_generator
src/pitcherai/services/email_generation.py:6: in <module>
    from ..config import settings
E   ImportError: cannot import name 'settings' from 'pitcherai.config' (/home/julien/Desktop/Free-Wiggum-opencode/projects/pitcherai/src/pitcherai/config.py)
_____________ ERROR collecting tests/unit/test_email_generation.py _____________
ImportError while importing test module '/home/julien/Desktop/Free-Wiggum-opencode/projects/pitcherai/tests/unit/test_email_generation.py'.
Hint: make sure your test modules/packages have valid Python names.
Traceback:
.venv/lib/python3.12/site-packages/_pytest/python.py:507: in importtestmodule
    mod = import_path(
.venv/lib/python3.12/site-packages/_pytest/pathlib.py:587: in import_path
    importlib.import_module(module_name)
../../../../.local/share/uv/python/cpython-3.12.13-linux-x86_64-gnu/lib/python3.12/importlib/__init__.py:90: in import_module
    return _bootstrap._gcd_import(name[level:], package, level)
           ^^^^^^^^^^^^^^^^^^^^^^^^^^^^^^^^^^^^^^^^^^^^^^^^^^^^
<frozen importlib._bootstrap>:1387: in _gcd_import
    ???
<frozen importlib._bootstrap>:1360: in _find_and_load
    ???
<frozen importlib._bootstrap>:1331: in _find_and_load_unlocked
    ???
<frozen importlib._bootstrap>:935: in _load_unlocked
    ???
.venv/lib/python3.12/site-packages/_pytest/assertion/rewrite.py:197: in exec_module
    exec(co, module.__dict__)
tests/unit/test_email_generation.py:7: in <module>
    from pitcherai.services.email_generation import EmailGenerationService
src/pitcherai/services/email_generation.py:6: in <module>
    from ..config import settings
E   ImportError: cannot import name 'settings' from 'pitcherai.config' (/home/julien/Desktop/Free-Wiggum-opencode/projects/pitcherai/src/pitcherai/config.py)
_______________ ERROR collecting tests/unit/test_prospecting.py ________________
.venv/lib/python3.12/site-packages/_pytest/python.py:507: in importtestmodule
    mod = import_path(
.venv/lib/python3.12/site-packages/_pytest/pathlib.py:587: in import_path
    importlib.import_module(module_name)
../../../../.local/share/uv/python/cpython-3.12.13-linux-x86_64-gnu/lib/python3.12/importlib/__init__.py:90: in import_module
    return _bootstrap._gcd_import(name[level:], package, level)
           ^^^^^^^^^^^^^^^^^^^^^^^^^^^^^^^^^^^^^^^^^^^^^^^^^^^^
<frozen importlib._bootstrap>:1387: in _gcd_import
    ???
<frozen importlib._bootstrap>:1360: in _find_and_load
    ???
<frozen importlib._bootstrap>:1331: in _find_and_load_unlocked
    ???
<frozen importlib._bootstrap>:935: in _load_unlocked
    ???
.venv/lib/python3.12/site-packages/_pytest/assertion/rewrite.py:188: in exec_module
    source_stat, co = _rewrite_test(fn, self.config)
                      ^^^^^^^^^^^^^^^^^^^^^^^^^^^^^^
.venv/lib/python3.12/site-packages/_pytest/assertion/rewrite.py:357: in _rewrite_test
    tree = ast.parse(source, filename=strfn)
           ^^^^^^^^^^^^^^^^^^^^^^^^^^^^^^^^^
../../../../.local/share/uv/python/cpython-3.12.13-linux-x86_64-gnu/lib/python3.12/ast.py:52: in parse
    return compile(source, filename, mode, flags,
E     File "/home/julien/Desktop/Free-Wiggum-opencode/projects/pitcherai/tests/unit/test_prospecting.py", line 28
E       from pitcherai.config import get_get_settings()
E                                                    ^
E   SyntaxError: invalid syntax
=========================== short test summary info ============================
ERROR tests/integration/test_integration.py
ERROR tests/unit/test_campaign.py
ERROR tests/unit/test_email_generation.py
ERROR tests/unit/test_prospecting.py
!!!!!!!!!!!!!!!!!!! Interrupted: 4 errors during collection !!!!!!!!!!!!!!!!!!!!
============================== 4 errors in 3.41s ===============================
[0m
[0m→ [0mRead src/pitcherai/config.py
[0m→ [0mRead tests/unit/test_prospecting.py
There are import errors and syntax errors in the codebase. I need to fix these before validating deployment. Let me check the config.py file to understand the issue:
📝 Log saved: logs/iteration-33.md
📊 Token Usage: 6500 / Session: 6500 / 64000
